// Validating benchmarks:
// ***** BenchmarkRunner: Start   *****
// ***** Found 10 benchmark(s) in total *****
// ***** Building 1 exe(s) in Parallel: Start   *****
// start dotnet  restore /p:UseSharedCompilation=false /p:BuildInParallel=false /m:1 /p:Deterministic=true /p:Optimize=true /p:ArtifactsPath="/home/sfalik/source/repos/Precept/tools/Precept.Bench/bin/Release/net10.0/Precept.Bench-ShortRun-1/" /p:OutDir="/home/sfalik/source/repos/Precept/tools/Precept.Bench/bin/Release/net10.0/Precept.Bench-ShortRun-1/bin/Release/net10.0/" /p:OutputPath="/home/sfalik/source/repos/Precept/tools/Precept.Bench/bin/Release/net10.0/Precept.Bench-ShortRun-1/bin/Release/net10.0/" /p:PublishDir="/home/sfalik/source/repos/Precept/tools/Precept.Bench/bin/Release/net10.0/Precept.Bench-ShortRun-1/publish/" in /home/sfalik/source/repos/Precept/tools/Precept.Bench/bin/Release/net10.0/Precept.Bench-ShortRun-1
// command took 1.09 sec and exited with 0
// start dotnet  build -c Release --no-restore /p:UseSharedCompilation=false /p:BuildInParallel=false /m:1 /p:Deterministic=true /p:Optimize=true /p:ArtifactsPath="/home/sfalik/source/repos/Precept/tools/Precept.Bench/bin/Release/net10.0/Precept.Bench-ShortRun-1/" /p:OutDir="/home/sfalik/source/repos/Precept/tools/Precept.Bench/bin/Release/net10.0/Precept.Bench-ShortRun-1/bin/Release/net10.0/" /p:OutputPath="/home/sfalik/source/repos/Precept/tools/Precept.Bench/bin/Release/net10.0/Precept.Bench-ShortRun-1/bin/Release/net10.0/" /p:PublishDir="/home/sfalik/source/repos/Precept/tools/Precept.Bench/bin/Release/net10.0/Precept.Bench-ShortRun-1/publish/" --output "/home/sfalik/source/repos/Precept/tools/Precept.Bench/bin/Release/net10.0/Precept.Bench-ShortRun-1/bin/Release/net10.0/" in /home/sfalik/source/repos/Precept/tools/Precept.Bench/bin/Release/net10.0/Precept.Bench-ShortRun-1
// command took 8.93 sec and exited with 0
// ***** Done, took 00:00:10 (10.08 sec)   *****
// Found 10 benchmarks:
//   ArithmeticBench.Dec_Add: ShortRun(IterationCount=3, LaunchCount=1, WarmupCount=3)
//   ArithmeticBench.Rat_Add: ShortRun(IterationCount=3, LaunchCount=1, WarmupCount=3)
//   ArithmeticBench.Dec_Chain: ShortRun(IterationCount=3, LaunchCount=1, WarmupCount=3)
//   ArithmeticBench.Rat_Chain: ShortRun(IterationCount=3, LaunchCount=1, WarmupCount=3)
//   ArithmeticBench.Dec_Div: ShortRun(IterationCount=3, LaunchCount=1, WarmupCount=3)
//   ArithmeticBench.Ucum_Div: ShortRun(IterationCount=3, LaunchCount=1, WarmupCount=3)
//   ArithmeticBench.Rat_Div: ShortRun(IterationCount=3, LaunchCount=1, WarmupCount=3)
//   ArithmeticBench.Dec_Mul: ShortRun(IterationCount=3, LaunchCount=1, WarmupCount=3)
//   ArithmeticBench.Ucum_Mul: ShortRun(IterationCount=3, LaunchCount=1, WarmupCount=3)
//   ArithmeticBench.Rat_Mul: ShortRun(IterationCount=3, LaunchCount=1, WarmupCount=3)

// **************************
// Benchmark: ArithmeticBench.Dec_Add: ShortRun(IterationCount=3, LaunchCount=1, WarmupCount=3)
// *** Execute ***
// Launch: 1 / 1
// Execute: dotnet Precept.Bench-ShortRun-1.dll --anonymousPipes 108 109 --benchmarkName Precept.Bench.ArithmeticBench.Dec_Add --job ShortRun --benchmarkId 0 in /home/sfalik/source/repos/Precept/tools/Precept.Bench/bin/Release/net10.0/Precept.Bench-ShortRun-1/bin/Release/net10.0
// Failed to set up high priority (Permission denied). In order to run benchmarks with high priority, make sure you have the right permissions.
// BeforeAnythingElse

// Benchmark Process Environment Information:
// BenchmarkDotNet v0.15.2
// Runtime=.NET 10.0.8 (10.0.826.23019), Arm64 RyuJIT AdvSIMD
// GC=Concurrent Workstation
// HardwareIntrinsics=AdvSIMD,AES,CRC32,DP,RDM,SHA1,SHA256 VectorSize=128
// Job: ShortRun(IterationCount=3, LaunchCount=1, WarmupCount=3)

OverheadJitting  1: 1 op, 98882.00 ns, 98.8820 us/op
WorkloadJitting  1: 1 op, 174099.00 ns, 174.0990 us/op

OverheadJitting  2: 16 op, 133682.00 ns, 8.3551 us/op
WorkloadJitting  2: 16 op, 120594.00 ns, 7.5371 us/op

WorkloadPilot    1: 16 op, 464.00 ns, 29.0000 ns/op
WorkloadPilot    2: 32 op, 304.00 ns, 9.5000 ns/op
WorkloadPilot    3: 64 op, 432.00 ns, 6.7500 ns/op
WorkloadPilot    4: 128 op, 784.00 ns, 6.1250 ns/op
WorkloadPilot    5: 256 op, 1568.00 ns, 6.1250 ns/op
WorkloadPilot    6: 512 op, 3056.00 ns, 5.9688 ns/op
WorkloadPilot    7: 1024 op, 6096.00 ns, 5.9531 ns/op
WorkloadPilot    8: 2048 op, 12256.00 ns, 5.9844 ns/op
WorkloadPilot    9: 4096 op, 26929.00 ns, 6.5745 ns/op
WorkloadPilot   10: 8192 op, 49121.00 ns, 5.9962 ns/op
WorkloadPilot   11: 16384 op, 98162.00 ns, 5.9913 ns/op
WorkloadPilot   12: 32768 op, 198339.00 ns, 6.0528 ns/op
WorkloadPilot   13: 65536 op, 392375.00 ns, 5.9872 ns/op
WorkloadPilot   14: 131072 op, 787181.00 ns, 6.0057 ns/op
WorkloadPilot   15: 262144 op, 1581850.00 ns, 6.0343 ns/op
WorkloadPilot   16: 524288 op, 3158356.00 ns, 6.0241 ns/op
WorkloadPilot   17: 1048576 op, 6393530.00 ns, 6.0973 ns/op
WorkloadPilot   18: 2097152 op, 12808132.00 ns, 6.1074 ns/op
WorkloadPilot   19: 4194304 op, 25606633.00 ns, 6.1051 ns/op
WorkloadPilot   20: 8388608 op, 51283668.00 ns, 6.1135 ns/op
WorkloadPilot   21: 16777216 op, 77818284.00 ns, 4.6383 ns/op
WorkloadPilot   22: 33554432 op, 144773348.00 ns, 4.3146 ns/op
WorkloadPilot   23: 67108864 op, 289594933.00 ns, 4.3153 ns/op
WorkloadPilot   24: 134217728 op, 579011160.00 ns, 4.3140 ns/op

OverheadWarmup   1: 134217728 op, 223912754.00 ns, 1.6683 ns/op
OverheadWarmup   2: 134217728 op, 188221889.00 ns, 1.4024 ns/op
OverheadWarmup   3: 134217728 op, 188258513.00 ns, 1.4026 ns/op
OverheadWarmup   4: 134217728 op, 188236961.00 ns, 1.4025 ns/op
OverheadWarmup   5: 134217728 op, 188248945.00 ns, 1.4026 ns/op
OverheadWarmup   6: 134217728 op, 188258128.00 ns, 1.4026 ns/op
OverheadWarmup   7: 134217728 op, 188203677.00 ns, 1.4022 ns/op

OverheadActual   1: 134217728 op, 188207341.00 ns, 1.4023 ns/op
OverheadActual   2: 134217728 op, 188257678.00 ns, 1.4026 ns/op
OverheadActual   3: 134217728 op, 188287022.00 ns, 1.4028 ns/op
OverheadActual   4: 134217728 op, 188314447.00 ns, 1.4031 ns/op
OverheadActual   5: 134217728 op, 188181769.00 ns, 1.4021 ns/op
OverheadActual   6: 134217728 op, 188227275.00 ns, 1.4024 ns/op
OverheadActual   7: 134217728 op, 188380685.00 ns, 1.4035 ns/op
OverheadActual   8: 134217728 op, 188394829.00 ns, 1.4037 ns/op
OverheadActual   9: 134217728 op, 188379804.00 ns, 1.4035 ns/op
OverheadActual  10: 134217728 op, 188291145.00 ns, 1.4029 ns/op
OverheadActual  11: 134217728 op, 188320057.00 ns, 1.4031 ns/op
OverheadActual  12: 134217728 op, 188402026.00 ns, 1.4037 ns/op
OverheadActual  13: 134217728 op, 188421594.00 ns, 1.4039 ns/op
OverheadActual  14: 134217728 op, 188461067.00 ns, 1.4041 ns/op
OverheadActual  15: 134217728 op, 188497914.00 ns, 1.4044 ns/op

WorkloadWarmup   1: 134217728 op, 568301609.00 ns, 4.2342 ns/op
WorkloadWarmup   2: 134217728 op, 567040944.00 ns, 4.2248 ns/op
WorkloadWarmup   3: 134217728 op, 567553284.00 ns, 4.2286 ns/op

// BeforeActualRun
WorkloadActual   1: 134217728 op, 566870163.00 ns, 4.2235 ns/op
WorkloadActual   2: 134217728 op, 567674157.00 ns, 4.2295 ns/op
WorkloadActual   3: 134217728 op, 567823159.00 ns, 4.2306 ns/op

// AfterActualRun
WorkloadResult   1: 134217728 op, 378550106.00 ns, 2.8204 ns/op
WorkloadResult   2: 134217728 op, 379354100.00 ns, 2.8264 ns/op
WorkloadResult   3: 134217728 op, 379503102.00 ns, 2.8275 ns/op
// GC:  0 0 0 0 134217728
// Threading:  0 0 134217728

// AfterAll
// Benchmark Process 249473 has exited with code 0.

Mean = 2.825 ns, StdErr = 0.002 ns (0.08%), N = 3, StdDev = 0.004 ns
Min = 2.820 ns, Q1 = 2.823 ns, Median = 2.826 ns, Q3 = 2.827 ns, Max = 2.828 ns
IQR = 0.004 ns, LowerFence = 2.818 ns, UpperFence = 2.832 ns
ConfidenceInterval = [2.755 ns; 2.894 ns] (CI 99.9%), Margin = 0.070 ns (2.47% of Mean)
Skewness = -0.35, Kurtosis = 0.67, MValue = 2

// ** Remained 9 (90.0%) benchmark(s) to run. Estimated finish 2026-06-15 20:35 (0h 1m from now) **
// **************************
// Benchmark: ArithmeticBench.Rat_Add: ShortRun(IterationCount=3, LaunchCount=1, WarmupCount=3)
// *** Execute ***
// Launch: 1 / 1
// Execute: dotnet Precept.Bench-ShortRun-1.dll --anonymousPipes 108 109 --benchmarkName Precept.Bench.ArithmeticBench.Rat_Add --job ShortRun --benchmarkId 1 in /home/sfalik/source/repos/Precept/tools/Precept.Bench/bin/Release/net10.0/Precept.Bench-ShortRun-1/bin/Release/net10.0
// Failed to set up high priority (Permission denied). In order to run benchmarks with high priority, make sure you have the right permissions.
// BeforeAnythingElse

// Benchmark Process Environment Information:
// BenchmarkDotNet v0.15.2
// Runtime=.NET 10.0.8 (10.0.826.23019), Arm64 RyuJIT AdvSIMD
// GC=Concurrent Workstation
// HardwareIntrinsics=AdvSIMD,AES,CRC32,DP,RDM,SHA1,SHA256 VectorSize=128
// Job: ShortRun(IterationCount=3, LaunchCount=1, WarmupCount=3)

OverheadJitting  1: 1 op, 122338.00 ns, 122.3380 us/op
WorkloadJitting  1: 1 op, 199139.00 ns, 199.1390 us/op

OverheadJitting  2: 16 op, 122514.00 ns, 7.6571 us/op
WorkloadJitting  2: 16 op, 114242.00 ns, 7.1401 us/op

WorkloadPilot    1: 16 op, 2704.00 ns, 169.0000 ns/op
WorkloadPilot    2: 32 op, 2112.00 ns, 66.0000 ns/op
WorkloadPilot    3: 64 op, 3472.00 ns, 54.2500 ns/op
WorkloadPilot    4: 128 op, 6752.00 ns, 52.7500 ns/op
WorkloadPilot    5: 256 op, 13040.00 ns, 50.9375 ns/op
WorkloadPilot    6: 512 op, 25632.00 ns, 50.0625 ns/op
WorkloadPilot    7: 1024 op, 51217.00 ns, 50.0166 ns/op
WorkloadPilot    8: 2048 op, 101826.00 ns, 49.7197 ns/op
WorkloadPilot    9: 4096 op, 203171.00 ns, 49.6023 ns/op
WorkloadPilot   10: 8192 op, 411702.00 ns, 50.2566 ns/op
WorkloadPilot   11: 16384 op, 816158.00 ns, 49.8143 ns/op
WorkloadPilot   12: 32768 op, 1632715.00 ns, 49.8265 ns/op
WorkloadPilot   13: 65536 op, 3234501.00 ns, 49.3546 ns/op
WorkloadPilot   14: 131072 op, 6485067.00 ns, 49.4771 ns/op
WorkloadPilot   15: 262144 op, 12986742.00 ns, 49.5405 ns/op
WorkloadPilot   16: 524288 op, 26010747.00 ns, 49.6116 ns/op
WorkloadPilot   17: 1048576 op, 52338973.00 ns, 49.9143 ns/op
WorkloadPilot   18: 2097152 op, 48841747.00 ns, 23.2896 ns/op
WorkloadPilot   19: 4194304 op, 64144655.00 ns, 15.2933 ns/op
WorkloadPilot   20: 8388608 op, 128223165.00 ns, 15.2854 ns/op
WorkloadPilot   21: 16777216 op, 256686207.00 ns, 15.2997 ns/op
WorkloadPilot   22: 33554432 op, 513989137.00 ns, 15.3181 ns/op

OverheadWarmup   1: 33554432 op, 57126299.00 ns, 1.7025 ns/op
OverheadWarmup   2: 33554432 op, 57116027.00 ns, 1.7022 ns/op
OverheadWarmup   3: 33554432 op, 57194524.00 ns, 1.7045 ns/op
OverheadWarmup   4: 33554432 op, 52107512.00 ns, 1.5529 ns/op
OverheadWarmup   5: 33554432 op, 47011445.00 ns, 1.4011 ns/op
OverheadWarmup   6: 33554432 op, 47063318.00 ns, 1.4026 ns/op
OverheadWarmup   7: 33554432 op, 46962388.00 ns, 1.3996 ns/op

OverheadActual   1: 33554432 op, 47007716.00 ns, 1.4009 ns/op
OverheadActual   2: 33554432 op, 46910835.00 ns, 1.3981 ns/op
OverheadActual   3: 33554432 op, 46920323.00 ns, 1.3983 ns/op
OverheadActual   4: 33554432 op, 46894019.00 ns, 1.3976 ns/op
OverheadActual   5: 33554432 op, 46932243.00 ns, 1.3987 ns/op
OverheadActual   6: 33554432 op, 46917027.00 ns, 1.3982 ns/op
OverheadActual   7: 33554432 op, 46956195.00 ns, 1.3994 ns/op
OverheadActual   8: 33554432 op, 46961619.00 ns, 1.3996 ns/op
OverheadActual   9: 33554432 op, 46942995.00 ns, 1.3990 ns/op
OverheadActual  10: 33554432 op, 46949491.00 ns, 1.3992 ns/op
OverheadActual  11: 33554432 op, 46990851.00 ns, 1.4004 ns/op
OverheadActual  12: 33554432 op, 46912355.00 ns, 1.3981 ns/op
OverheadActual  13: 33554432 op, 46942899.00 ns, 1.3990 ns/op
OverheadActual  14: 33554432 op, 46942579.00 ns, 1.3990 ns/op
OverheadActual  15: 33554432 op, 46940307.00 ns, 1.3989 ns/op

WorkloadWarmup   1: 33554432 op, 513942022.00 ns, 15.3167 ns/op
WorkloadWarmup   2: 33554432 op, 512796268.00 ns, 15.2825 ns/op
WorkloadWarmup   3: 33554432 op, 513846604.00 ns, 15.3138 ns/op

// BeforeActualRun
WorkloadActual   1: 33554432 op, 512611889.00 ns, 15.2770 ns/op
WorkloadActual   2: 33554432 op, 513445134.00 ns, 15.3019 ns/op
WorkloadActual   3: 33554432 op, 513283444.00 ns, 15.2970 ns/op

// AfterActualRun
WorkloadResult   1: 33554432 op, 465669310.00 ns, 13.8780 ns/op
WorkloadResult   2: 33554432 op, 466502555.00 ns, 13.9029 ns/op
WorkloadResult   3: 33554432 op, 466340865.00 ns, 13.8980 ns/op
// GC:  0 0 0 0 33554432
// Threading:  0 0 33554432

// AfterAll
// Benchmark Process 249557 has exited with code 0.

Mean = 13.893 ns, StdErr = 0.008 ns (0.05%), N = 3, StdDev = 0.013 ns
Min = 13.878 ns, Q1 = 13.888 ns, Median = 13.898 ns, Q3 = 13.900 ns, Max = 13.903 ns
IQR = 0.012 ns, LowerFence = 13.869 ns, UpperFence = 13.919 ns
ConfidenceInterval = [13.653 ns; 14.133 ns] (CI 99.9%), Margin = 0.240 ns (1.73% of Mean)
Skewness = -0.33, Kurtosis = 0.67, MValue = 2

// ** Remained 8 (80.0%) benchmark(s) to run. Estimated finish 2026-06-15 20:34 (0h 1m from now) **
// **************************
// Benchmark: ArithmeticBench.Dec_Chain: ShortRun(IterationCount=3, LaunchCount=1, WarmupCount=3)
// *** Execute ***
// Launch: 1 / 1
// Execute: dotnet Precept.Bench-ShortRun-1.dll --anonymousPipes 108 109 --benchmarkName Precept.Bench.ArithmeticBench.Dec_Chain --job ShortRun --benchmarkId 2 in /home/sfalik/source/repos/Precept/tools/Precept.Bench/bin/Release/net10.0/Precept.Bench-ShortRun-1/bin/Release/net10.0
// Failed to set up high priority (Permission denied). In order to run benchmarks with high priority, make sure you have the right permissions.
// BeforeAnythingElse

// Benchmark Process Environment Information:
// BenchmarkDotNet v0.15.2
// Runtime=.NET 10.0.8 (10.0.826.23019), Arm64 RyuJIT AdvSIMD
// GC=Concurrent Workstation
// HardwareIntrinsics=AdvSIMD,AES,CRC32,DP,RDM,SHA1,SHA256 VectorSize=128
// Job: ShortRun(IterationCount=3, LaunchCount=1, WarmupCount=3)

OverheadJitting  1: 1 op, 116082.00 ns, 116.0820 us/op
WorkloadJitting  1: 1 op, 255044.00 ns, 255.0440 us/op

OverheadJitting  2: 16 op, 114786.00 ns, 7.1741 us/op
WorkloadJitting  2: 16 op, 144274.00 ns, 9.0171 us/op

WorkloadPilot    1: 16 op, 2016.00 ns, 126.0000 ns/op
WorkloadPilot    2: 32 op, 2496.00 ns, 78.0000 ns/op
WorkloadPilot    3: 64 op, 4368.00 ns, 68.2500 ns/op
WorkloadPilot    4: 128 op, 8736.00 ns, 68.2500 ns/op
WorkloadPilot    5: 256 op, 17121.00 ns, 66.8789 ns/op
WorkloadPilot    6: 512 op, 34065.00 ns, 66.5332 ns/op
WorkloadPilot    7: 1024 op, 68162.00 ns, 66.5645 ns/op
WorkloadPilot    8: 2048 op, 136290.00 ns, 66.5479 ns/op
WorkloadPilot    9: 4096 op, 282549.00 ns, 68.9817 ns/op
WorkloadPilot   10: 8192 op, 547385.00 ns, 66.8195 ns/op
WorkloadPilot   11: 16384 op, 1090690.00 ns, 66.5704 ns/op
WorkloadPilot   12: 32768 op, 2181076.00 ns, 66.5612 ns/op
WorkloadPilot   13: 65536 op, 4370264.00 ns, 66.6849 ns/op
WorkloadPilot   14: 131072 op, 8728575.00 ns, 66.5937 ns/op
WorkloadPilot   15: 262144 op, 17446190.00 ns, 66.5519 ns/op
WorkloadPilot   16: 524288 op, 34922060.00 ns, 66.6085 ns/op
WorkloadPilot   17: 1048576 op, 69911831.00 ns, 66.6731 ns/op
WorkloadPilot   18: 2097152 op, 85572968.00 ns, 40.8044 ns/op
WorkloadPilot   19: 4194304 op, 171097887.00 ns, 40.7929 ns/op
WorkloadPilot   20: 8388608 op, 342261519.00 ns, 40.8008 ns/op
WorkloadPilot   21: 16777216 op, 684322273.00 ns, 40.7888 ns/op

OverheadWarmup   1: 16777216 op, 28525634.00 ns, 1.7003 ns/op
OverheadWarmup   2: 16777216 op, 28505586.00 ns, 1.6991 ns/op
OverheadWarmup   3: 16777216 op, 28506642.00 ns, 1.6991 ns/op
OverheadWarmup   4: 16777216 op, 28512914.00 ns, 1.6995 ns/op
OverheadWarmup   5: 16777216 op, 28502242.00 ns, 1.6989 ns/op
OverheadWarmup   6: 16777216 op, 28541875.00 ns, 1.7012 ns/op
OverheadWarmup   7: 16777216 op, 28523474.00 ns, 1.7001 ns/op

OverheadActual   1: 16777216 op, 28512642.00 ns, 1.6995 ns/op
OverheadActual   2: 16777216 op, 28528098.00 ns, 1.7004 ns/op
OverheadActual   3: 16777216 op, 28519394.00 ns, 1.6999 ns/op
OverheadActual   4: 16777216 op, 28511154.00 ns, 1.6994 ns/op
OverheadActual   5: 16777216 op, 28511138.00 ns, 1.6994 ns/op
OverheadActual   6: 16777216 op, 28572259.00 ns, 1.7030 ns/op
OverheadActual   7: 16777216 op, 28540323.00 ns, 1.7011 ns/op
OverheadActual   8: 16777216 op, 28516290.00 ns, 1.6997 ns/op
OverheadActual   9: 16777216 op, 28525089.00 ns, 1.7002 ns/op
OverheadActual  10: 16777216 op, 28895816.00 ns, 1.7223 ns/op
OverheadActual  11: 16777216 op, 24215835.00 ns, 1.4434 ns/op
OverheadActual  12: 16777216 op, 23566321.00 ns, 1.4047 ns/op
OverheadActual  13: 16777216 op, 23551777.00 ns, 1.4038 ns/op
OverheadActual  14: 16777216 op, 23561585.00 ns, 1.4044 ns/op
OverheadActual  15: 16777216 op, 23536272.00 ns, 1.4029 ns/op
OverheadActual  16: 16777216 op, 23576705.00 ns, 1.4053 ns/op
OverheadActual  17: 16777216 op, 23581265.00 ns, 1.4056 ns/op
OverheadActual  18: 16777216 op, 23555120.00 ns, 1.4040 ns/op
OverheadActual  19: 16777216 op, 23551184.00 ns, 1.4038 ns/op
OverheadActual  20: 16777216 op, 23568080.00 ns, 1.4048 ns/op

WorkloadWarmup   1: 16777216 op, 684630585.00 ns, 40.8072 ns/op
WorkloadWarmup   2: 16777216 op, 684590382.00 ns, 40.8048 ns/op
WorkloadWarmup   3: 16777216 op, 684797259.00 ns, 40.8171 ns/op

// BeforeActualRun
WorkloadActual   1: 16777216 op, 685278254.00 ns, 40.8458 ns/op
WorkloadActual   2: 16777216 op, 685168450.00 ns, 40.8392 ns/op
WorkloadActual   3: 16777216 op, 685186732.00 ns, 40.8403 ns/op

// AfterActualRun
WorkloadResult   1: 16777216 op, 658914767.50 ns, 39.2744 ns/op
WorkloadResult   2: 16777216 op, 658804963.50 ns, 39.2678 ns/op
WorkloadResult   3: 16777216 op, 658823245.50 ns, 39.2689 ns/op
// GC:  0 0 0 0 16777216
// Threading:  0 0 16777216

// AfterAll
// Benchmark Process 249621 has exited with code 0.

Mean = 39.270 ns, StdErr = 0.002 ns (0.01%), N = 3, StdDev = 0.004 ns
Min = 39.268 ns, Q1 = 39.268 ns, Median = 39.269 ns, Q3 = 39.272 ns, Max = 39.274 ns
IQR = 0.003 ns, LowerFence = 39.263 ns, UpperFence = 39.277 ns
ConfidenceInterval = [39.206 ns; 39.334 ns] (CI 99.9%), Margin = 0.064 ns (0.16% of Mean)
Skewness = 0.34, Kurtosis = 0.67, MValue = 2

// ** Remained 7 (70.0%) benchmark(s) to run. Estimated finish 2026-06-15 20:34 (0h 0m from now) **
// **************************
// Benchmark: ArithmeticBench.Rat_Chain: ShortRun(IterationCount=3, LaunchCount=1, WarmupCount=3)
// *** Execute ***
// Launch: 1 / 1
// Execute: dotnet Precept.Bench-ShortRun-1.dll --anonymousPipes 108 109 --benchmarkName Precept.Bench.ArithmeticBench.Rat_Chain --job ShortRun --benchmarkId 3 in /home/sfalik/source/repos/Precept/tools/Precept.Bench/bin/Release/net10.0/Precept.Bench-ShortRun-1/bin/Release/net10.0
// Failed to set up high priority (Permission denied). In order to run benchmarks with high priority, make sure you have the right permissions.
// BeforeAnythingElse

// Benchmark Process Environment Information:
// BenchmarkDotNet v0.15.2
// Runtime=.NET 10.0.8 (10.0.826.23019), Arm64 RyuJIT AdvSIMD
// GC=Concurrent Workstation
// HardwareIntrinsics=AdvSIMD,AES,CRC32,DP,RDM,SHA1,SHA256 VectorSize=128
// Job: ShortRun(IterationCount=3, LaunchCount=1, WarmupCount=3)

OverheadJitting  1: 1 op, 136306.00 ns, 136.3060 us/op
WorkloadJitting  1: 1 op, 335926.00 ns, 335.9260 us/op

OverheadJitting  2: 16 op, 117218.00 ns, 7.3261 us/op
WorkloadJitting  2: 16 op, 151859.00 ns, 9.4912 us/op

WorkloadPilot    1: 16 op, 11472.00 ns, 717.0000 ns/op
WorkloadPilot    2: 32 op, 14864.00 ns, 464.5000 ns/op
WorkloadPilot    3: 64 op, 45089.00 ns, 704.5156 ns/op
WorkloadPilot    4: 128 op, 65649.00 ns, 512.8828 ns/op
WorkloadPilot    5: 256 op, 124002.00 ns, 484.3828 ns/op
WorkloadPilot    6: 512 op, 237379.00 ns, 463.6309 ns/op
WorkloadPilot    7: 1024 op, 515064.00 ns, 502.9922 ns/op
WorkloadPilot    8: 2048 op, 1068641.00 ns, 521.7974 ns/op
WorkloadPilot    9: 4096 op, 2038977.00 ns, 497.7971 ns/op
WorkloadPilot   10: 8192 op, 3783918.00 ns, 461.9041 ns/op
WorkloadPilot   11: 16384 op, 7867280.00 ns, 480.1807 ns/op
WorkloadPilot   12: 32768 op, 15609469.00 ns, 476.3632 ns/op
WorkloadPilot   13: 65536 op, 31565137.00 ns, 481.6458 ns/op
WorkloadPilot   14: 131072 op, 62348725.00 ns, 475.6830 ns/op
WorkloadPilot   15: 262144 op, 74867137.00 ns, 285.5955 ns/op
WorkloadPilot   16: 524288 op, 121965326.00 ns, 232.6304 ns/op
WorkloadPilot   17: 1048576 op, 236080332.00 ns, 225.1437 ns/op
WorkloadPilot   18: 2097152 op, 476279990.00 ns, 227.1080 ns/op
WorkloadPilot   19: 4194304 op, 944622499.00 ns, 225.2156 ns/op

OverheadWarmup   1: 4194304 op, 7135060.00 ns, 1.7011 ns/op
OverheadWarmup   2: 4194304 op, 7127220.00 ns, 1.6993 ns/op
OverheadWarmup   3: 4194304 op, 7133844.00 ns, 1.7008 ns/op
OverheadWarmup   4: 4194304 op, 7153380.00 ns, 1.7055 ns/op
OverheadWarmup   5: 4194304 op, 7136275.00 ns, 1.7014 ns/op
OverheadWarmup   6: 4194304 op, 7173652.00 ns, 1.7103 ns/op
OverheadWarmup   7: 4194304 op, 7154388.00 ns, 1.7057 ns/op

OverheadActual   1: 4194304 op, 7135748.00 ns, 1.7013 ns/op
OverheadActual   2: 4194304 op, 7189796.00 ns, 1.7142 ns/op
OverheadActual   3: 4194304 op, 7151508.00 ns, 1.7051 ns/op
OverheadActual   4: 4194304 op, 7132531.00 ns, 1.7005 ns/op
OverheadActual   5: 4194304 op, 7139780.00 ns, 1.7023 ns/op
OverheadActual   6: 4194304 op, 7148532.00 ns, 1.7043 ns/op
OverheadActual   7: 4194304 op, 7140692.00 ns, 1.7025 ns/op
OverheadActual   8: 4194304 op, 7128451.00 ns, 1.6996 ns/op
OverheadActual   9: 4194304 op, 7147572.00 ns, 1.7041 ns/op
OverheadActual  10: 4194304 op, 7149572.00 ns, 1.7046 ns/op
OverheadActual  11: 4194304 op, 7153988.00 ns, 1.7056 ns/op
OverheadActual  12: 4194304 op, 7124868.00 ns, 1.6987 ns/op
OverheadActual  13: 4194304 op, 7134516.00 ns, 1.7010 ns/op
OverheadActual  14: 4194304 op, 7129091.00 ns, 1.6997 ns/op
OverheadActual  15: 4194304 op, 7125363.00 ns, 1.6988 ns/op

WorkloadWarmup   1: 4194304 op, 948637588.00 ns, 226.1728 ns/op
WorkloadWarmup   2: 4194304 op, 946275631.00 ns, 225.6097 ns/op
WorkloadWarmup   3: 4194304 op, 944427588.00 ns, 225.1691 ns/op

// BeforeActualRun
WorkloadActual   1: 4194304 op, 948297445.00 ns, 226.0917 ns/op
WorkloadActual   2: 4194304 op, 945052259.00 ns, 225.3180 ns/op
WorkloadActual   3: 4194304 op, 944501517.00 ns, 225.1867 ns/op

// AfterActualRun
WorkloadResult   1: 4194304 op, 941157665.00 ns, 224.3895 ns/op
WorkloadResult   2: 4194304 op, 937912479.00 ns, 223.6158 ns/op
WorkloadResult   3: 4194304 op, 937361737.00 ns, 223.4845 ns/op
// GC:  64 0 0 268435456 4194304
// Threading:  0 0 4194304

// AfterAll
// Benchmark Process 249674 has exited with code 0.

Mean = 223.830 ns, StdErr = 0.282 ns (0.13%), N = 3, StdDev = 0.489 ns
Min = 223.484 ns, Q1 = 223.550 ns, Median = 223.616 ns, Q3 = 224.003 ns, Max = 224.389 ns
IQR = 0.453 ns, LowerFence = 222.871 ns, UpperFence = 224.681 ns
ConfidenceInterval = [214.908 ns; 232.752 ns] (CI 99.9%), Margin = 8.922 ns (3.99% of Mean)
Skewness = 0.35, Kurtosis = 0.67, MValue = 2

// ** Remained 6 (60.0%) benchmark(s) to run. Estimated finish 2026-06-15 20:34 (0h 0m from now) **
// **************************
// Benchmark: ArithmeticBench.Dec_Div: ShortRun(IterationCount=3, LaunchCount=1, WarmupCount=3)
// *** Execute ***
// Launch: 1 / 1
// Execute: dotnet Precept.Bench-ShortRun-1.dll --anonymousPipes 108 109 --benchmarkName Precept.Bench.ArithmeticBench.Dec_Div --job ShortRun --benchmarkId 4 in /home/sfalik/source/repos/Precept/tools/Precept.Bench/bin/Release/net10.0/Precept.Bench-ShortRun-1/bin/Release/net10.0
// Failed to set up high priority (Permission denied). In order to run benchmarks with high priority, make sure you have the right permissions.
// BeforeAnythingElse

// Benchmark Process Environment Information:
// BenchmarkDotNet v0.15.2
// Runtime=.NET 10.0.8 (10.0.826.23019), Arm64 RyuJIT AdvSIMD
// GC=Concurrent Workstation
// HardwareIntrinsics=AdvSIMD,AES,CRC32,DP,RDM,SHA1,SHA256 VectorSize=128
// Job: ShortRun(IterationCount=3, LaunchCount=1, WarmupCount=3)

OverheadJitting  1: 1 op, 119314.00 ns, 119.3140 us/op
WorkloadJitting  1: 1 op, 173123.00 ns, 173.1230 us/op

OverheadJitting  2: 16 op, 131218.00 ns, 8.2011 us/op
WorkloadJitting  2: 16 op, 136387.00 ns, 8.5242 us/op

WorkloadPilot    1: 16 op, 1392.00 ns, 87.0000 ns/op
WorkloadPilot    2: 32 op, 1296.00 ns, 40.5000 ns/op
WorkloadPilot    3: 64 op, 2336.00 ns, 36.5000 ns/op
WorkloadPilot    4: 128 op, 4528.00 ns, 35.3750 ns/op
WorkloadPilot    5: 256 op, 8912.00 ns, 34.8125 ns/op
WorkloadPilot    6: 512 op, 18048.00 ns, 35.2500 ns/op
WorkloadPilot    7: 1024 op, 36144.00 ns, 35.2969 ns/op
WorkloadPilot    8: 2048 op, 72337.00 ns, 35.3208 ns/op
WorkloadPilot    9: 4096 op, 144563.00 ns, 35.2937 ns/op
WorkloadPilot   10: 8192 op, 289029.00 ns, 35.2819 ns/op
WorkloadPilot   11: 16384 op, 580602.00 ns, 35.4371 ns/op
WorkloadPilot   12: 32768 op, 1158882.00 ns, 35.3663 ns/op
WorkloadPilot   13: 65536 op, 2334086.00 ns, 35.6153 ns/op
WorkloadPilot   14: 131072 op, 4637883.00 ns, 35.3842 ns/op
WorkloadPilot   15: 262144 op, 9289157.00 ns, 35.4353 ns/op
WorkloadPilot   16: 524288 op, 18605068.00 ns, 35.4864 ns/op
WorkloadPilot   17: 1048576 op, 37098934.00 ns, 35.3803 ns/op
WorkloadPilot   18: 2097152 op, 66750547.00 ns, 31.8291 ns/op
WorkloadPilot   19: 4194304 op, 68745236.00 ns, 16.3901 ns/op
WorkloadPilot   20: 8388608 op, 137441126.00 ns, 16.3843 ns/op
WorkloadPilot   21: 16777216 op, 275001567.00 ns, 16.3914 ns/op
WorkloadPilot   22: 33554432 op, 549704627.00 ns, 16.3825 ns/op

OverheadWarmup   1: 33554432 op, 57032422.00 ns, 1.6997 ns/op
OverheadWarmup   2: 33554432 op, 57031287.00 ns, 1.6997 ns/op
OverheadWarmup   3: 33554432 op, 57045831.00 ns, 1.7001 ns/op
OverheadWarmup   4: 33554432 op, 51854947.00 ns, 1.5454 ns/op
OverheadWarmup   5: 33554432 op, 47135574.00 ns, 1.4047 ns/op
OverheadWarmup   6: 33554432 op, 47118054.00 ns, 1.4042 ns/op
OverheadWarmup   7: 33554432 op, 47140647.00 ns, 1.4049 ns/op
OverheadWarmup   8: 33554432 op, 47103974.00 ns, 1.4038 ns/op

OverheadActual   1: 33554432 op, 47109334.00 ns, 1.4040 ns/op
OverheadActual   2: 33554432 op, 47109398.00 ns, 1.4040 ns/op
OverheadActual   3: 33554432 op, 47113894.00 ns, 1.4041 ns/op
OverheadActual   4: 33554432 op, 47091382.00 ns, 1.4034 ns/op
OverheadActual   5: 33554432 op, 47112790.00 ns, 1.4041 ns/op
OverheadActual   6: 33554432 op, 47157318.00 ns, 1.4054 ns/op
OverheadActual   7: 33554432 op, 47127654.00 ns, 1.4045 ns/op
OverheadActual   8: 33554432 op, 47076901.00 ns, 1.4030 ns/op
OverheadActual   9: 33554432 op, 47103013.00 ns, 1.4038 ns/op
OverheadActual  10: 33554432 op, 47107558.00 ns, 1.4039 ns/op
OverheadActual  11: 33554432 op, 47090582.00 ns, 1.4034 ns/op
OverheadActual  12: 33554432 op, 47112485.00 ns, 1.4041 ns/op
OverheadActual  13: 33554432 op, 47110485.00 ns, 1.4040 ns/op
OverheadActual  14: 33554432 op, 47130358.00 ns, 1.4046 ns/op
OverheadActual  15: 33554432 op, 47119718.00 ns, 1.4043 ns/op

WorkloadWarmup   1: 33554432 op, 550019804.00 ns, 16.3919 ns/op
WorkloadWarmup   2: 33554432 op, 549868707.00 ns, 16.3874 ns/op
WorkloadWarmup   3: 33554432 op, 549821647.00 ns, 16.3860 ns/op

// BeforeActualRun
WorkloadActual   1: 33554432 op, 550159040.00 ns, 16.3960 ns/op
WorkloadActual   2: 33554432 op, 550029449.00 ns, 16.3922 ns/op
WorkloadActual   3: 33554432 op, 538692016.00 ns, 16.0543 ns/op

// AfterActualRun
WorkloadResult   1: 33554432 op, 503048555.00 ns, 14.9920 ns/op
WorkloadResult   2: 33554432 op, 502918964.00 ns, 14.9882 ns/op
WorkloadResult   3: 33554432 op, 491581531.00 ns, 14.6503 ns/op
// GC:  0 0 0 0 33554432
// Threading:  0 0 33554432

// AfterAll
// Benchmark Process 249758 has exited with code 0.

Mean = 14.877 ns, StdErr = 0.113 ns (0.76%), N = 3, StdDev = 0.196 ns
Min = 14.650 ns, Q1 = 14.819 ns, Median = 14.988 ns, Q3 = 14.990 ns, Max = 14.992 ns
IQR = 0.171 ns, LowerFence = 14.563 ns, UpperFence = 15.246 ns
ConfidenceInterval = [11.297 ns; 18.456 ns] (CI 99.9%), Margin = 3.579 ns (24.06% of Mean)
Skewness = -0.38, Kurtosis = 0.67, MValue = 2

// ** Remained 5 (50.0%) benchmark(s) to run. Estimated finish 2026-06-15 20:34 (0h 0m from now) **
// **************************
// Benchmark: ArithmeticBench.Ucum_Div: ShortRun(IterationCount=3, LaunchCount=1, WarmupCount=3)
// *** Execute ***
// Launch: 1 / 1
// Execute: dotnet Precept.Bench-ShortRun-1.dll --anonymousPipes 108 109 --benchmarkName Precept.Bench.ArithmeticBench.Ucum_Div --job ShortRun --benchmarkId 5 in /home/sfalik/source/repos/Precept/tools/Precept.Bench/bin/Release/net10.0/Precept.Bench-ShortRun-1/bin/Release/net10.0
// Failed to set up high priority (Permission denied). In order to run benchmarks with high priority, make sure you have the right permissions.
// BeforeAnythingElse

// Benchmark Process Environment Information:
// BenchmarkDotNet v0.15.2
// Runtime=.NET 10.0.8 (10.0.826.23019), Arm64 RyuJIT AdvSIMD
// GC=Concurrent Workstation
// HardwareIntrinsics=AdvSIMD,AES,CRC32,DP,RDM,SHA1,SHA256 VectorSize=128
// Job: ShortRun(IterationCount=3, LaunchCount=1, WarmupCount=3)

OverheadJitting  1: 1 op, 102178.00 ns, 102.1780 us/op
WorkloadJitting  1: 1 op, 201075.00 ns, 201.0750 us/op

OverheadJitting  2: 16 op, 120578.00 ns, 7.5361 us/op
WorkloadJitting  2: 16 op, 108098.00 ns, 6.7561 us/op

WorkloadPilot    1: 16 op, 3136.00 ns, 196.0000 ns/op
WorkloadPilot    2: 32 op, 8208.00 ns, 256.5000 ns/op
WorkloadPilot    3: 64 op, 7184.00 ns, 112.2500 ns/op
WorkloadPilot    4: 128 op, 13856.00 ns, 108.2500 ns/op
WorkloadPilot    5: 256 op, 27632.00 ns, 107.9375 ns/op
WorkloadPilot    6: 512 op, 53745.00 ns, 104.9707 ns/op
WorkloadPilot    7: 1024 op, 107266.00 ns, 104.7520 ns/op
WorkloadPilot    8: 2048 op, 228115.00 ns, 111.3843 ns/op
WorkloadPilot    9: 4096 op, 427431.00 ns, 104.3533 ns/op
WorkloadPilot   10: 8192 op, 841998.00 ns, 102.7830 ns/op
WorkloadPilot   11: 16384 op, 1827966.00 ns, 111.5702 ns/op
WorkloadPilot   12: 32768 op, 3257572.00 ns, 99.4132 ns/op
WorkloadPilot   13: 65536 op, 6475160.00 ns, 98.8031 ns/op
WorkloadPilot   14: 131072 op, 12980704.00 ns, 99.0349 ns/op
WorkloadPilot   15: 262144 op, 25772717.00 ns, 98.3151 ns/op
WorkloadPilot   16: 524288 op, 51519833.00 ns, 98.2663 ns/op
WorkloadPilot   17: 1048576 op, 70212821.00 ns, 66.9602 ns/op
WorkloadPilot   18: 2097152 op, 98822639.00 ns, 47.1223 ns/op
WorkloadPilot   19: 4194304 op, 198131462.00 ns, 47.2382 ns/op
WorkloadPilot   20: 8388608 op, 395300792.00 ns, 47.1235 ns/op
WorkloadPilot   21: 16777216 op, 790207414.00 ns, 47.1000 ns/op

OverheadWarmup   1: 16777216 op, 28585785.00 ns, 1.7038 ns/op
OverheadWarmup   2: 16777216 op, 28571913.00 ns, 1.7030 ns/op
OverheadWarmup   3: 16777216 op, 28550297.00 ns, 1.7017 ns/op
OverheadWarmup   4: 16777216 op, 28569305.00 ns, 1.7029 ns/op
OverheadWarmup   5: 16777216 op, 28522376.00 ns, 1.7001 ns/op
OverheadWarmup   6: 16777216 op, 28707131.00 ns, 1.7111 ns/op
OverheadWarmup   7: 16777216 op, 28559641.00 ns, 1.7023 ns/op

OverheadActual   1: 16777216 op, 28536585.00 ns, 1.7009 ns/op
OverheadActual   2: 16777216 op, 28539529.00 ns, 1.7011 ns/op
OverheadActual   3: 16777216 op, 28616378.00 ns, 1.7057 ns/op
OverheadActual   4: 16777216 op, 28515416.00 ns, 1.6997 ns/op
OverheadActual   5: 16777216 op, 28558489.00 ns, 1.7022 ns/op
OverheadActual   6: 16777216 op, 28567273.00 ns, 1.7027 ns/op
OverheadActual   7: 16777216 op, 28583193.00 ns, 1.7037 ns/op
OverheadActual   8: 16777216 op, 28546408.00 ns, 1.7015 ns/op
OverheadActual   9: 16777216 op, 28524600.00 ns, 1.7002 ns/op
OverheadActual  10: 16777216 op, 27323093.00 ns, 1.6286 ns/op
OverheadActual  11: 16777216 op, 24434406.00 ns, 1.4564 ns/op
OverheadActual  12: 16777216 op, 24429910.00 ns, 1.4561 ns/op
OverheadActual  13: 16777216 op, 24543449.00 ns, 1.4629 ns/op
OverheadActual  14: 16777216 op, 24453127.00 ns, 1.4575 ns/op
OverheadActual  15: 16777216 op, 24441543.00 ns, 1.4568 ns/op
OverheadActual  16: 16777216 op, 24466664.00 ns, 1.4583 ns/op
OverheadActual  17: 16777216 op, 24430535.00 ns, 1.4562 ns/op
OverheadActual  18: 16777216 op, 24519112.00 ns, 1.4615 ns/op
OverheadActual  19: 16777216 op, 24437767.00 ns, 1.4566 ns/op
OverheadActual  20: 16777216 op, 24447383.00 ns, 1.4572 ns/op

WorkloadWarmup   1: 16777216 op, 791888781.00 ns, 47.2002 ns/op
WorkloadWarmup   2: 16777216 op, 792734498.00 ns, 47.2507 ns/op
WorkloadWarmup   3: 16777216 op, 792248561.00 ns, 47.2217 ns/op

// BeforeActualRun
WorkloadActual   1: 16777216 op, 791224408.00 ns, 47.1606 ns/op
WorkloadActual   2: 16777216 op, 792007900.00 ns, 47.2073 ns/op
WorkloadActual   3: 16777216 op, 791220756.00 ns, 47.1604 ns/op

// AfterActualRun
WorkloadResult   1: 16777216 op, 765291137.00 ns, 45.6149 ns/op
WorkloadResult   2: 16777216 op, 766074629.00 ns, 45.6616 ns/op
WorkloadResult   3: 16777216 op, 765287485.00 ns, 45.6147 ns/op
// GC:  0 0 0 0 16777216
// Threading:  0 0 16777216

// AfterAll
// Benchmark Process 249803 has exited with code 0.

Mean = 45.630 ns, StdErr = 0.016 ns (0.03%), N = 3, StdDev = 0.027 ns
Min = 45.615 ns, Q1 = 45.615 ns, Median = 45.615 ns, Q3 = 45.638 ns, Max = 45.662 ns
IQR = 0.023 ns, LowerFence = 45.580 ns, UpperFence = 45.673 ns
ConfidenceInterval = [45.137 ns; 46.123 ns] (CI 99.9%), Margin = 0.493 ns (1.08% of Mean)
Skewness = 0.38, Kurtosis = 0.67, MValue = 2

// ** Remained 4 (40.0%) benchmark(s) to run. Estimated finish 2026-06-15 20:34 (0h 0m from now) **
// **************************
// Benchmark: ArithmeticBench.Rat_Div: ShortRun(IterationCount=3, LaunchCount=1, WarmupCount=3)
// *** Execute ***
// Launch: 1 / 1
// Execute: dotnet Precept.Bench-ShortRun-1.dll --anonymousPipes 108 109 --benchmarkName Precept.Bench.ArithmeticBench.Rat_Div --job ShortRun --benchmarkId 6 in /home/sfalik/source/repos/Precept/tools/Precept.Bench/bin/Release/net10.0/Precept.Bench-ShortRun-1/bin/Release/net10.0
// Failed to set up high priority (Permission denied). In order to run benchmarks with high priority, make sure you have the right permissions.
// BeforeAnythingElse

// Benchmark Process Environment Information:
// BenchmarkDotNet v0.15.2
// Runtime=.NET 10.0.8 (10.0.826.23019), Arm64 RyuJIT AdvSIMD
// GC=Concurrent Workstation
// HardwareIntrinsics=AdvSIMD,AES,CRC32,DP,RDM,SHA1,SHA256 VectorSize=128
// Job: ShortRun(IterationCount=3, LaunchCount=1, WarmupCount=3)

OverheadJitting  1: 1 op, 115313.00 ns, 115.3130 us/op
WorkloadJitting  1: 1 op, 191763.00 ns, 191.7630 us/op

OverheadJitting  2: 16 op, 115634.00 ns, 7.2271 us/op
WorkloadJitting  2: 16 op, 110370.00 ns, 6.8981 us/op

WorkloadPilot    1: 16 op, 7712.00 ns, 482.0000 ns/op
WorkloadPilot    2: 32 op, 1872.00 ns, 58.5000 ns/op
WorkloadPilot    3: 64 op, 3136.00 ns, 49.0000 ns/op
WorkloadPilot    4: 128 op, 5856.00 ns, 45.7500 ns/op
WorkloadPilot    5: 256 op, 11632.00 ns, 45.4375 ns/op
WorkloadPilot    6: 512 op, 22816.00 ns, 44.5625 ns/op
WorkloadPilot    7: 1024 op, 45297.00 ns, 44.2354 ns/op
WorkloadPilot    8: 2048 op, 90242.00 ns, 44.0635 ns/op
WorkloadPilot    9: 4096 op, 180451.00 ns, 44.0554 ns/op
WorkloadPilot   10: 8192 op, 363846.00 ns, 44.4148 ns/op
WorkloadPilot   11: 16384 op, 720667.00 ns, 43.9860 ns/op
WorkloadPilot   12: 32768 op, 1442935.00 ns, 44.0349 ns/op
WorkloadPilot   13: 65536 op, 2885710.00 ns, 44.0324 ns/op
WorkloadPilot   14: 131072 op, 5761084.00 ns, 43.9536 ns/op
WorkloadPilot   15: 262144 op, 11513559.00 ns, 43.9207 ns/op
WorkloadPilot   16: 524288 op, 23025966.00 ns, 43.9185 ns/op
WorkloadPilot   17: 1048576 op, 46087869.00 ns, 43.9528 ns/op
WorkloadPilot   18: 2097152 op, 63414769.00 ns, 30.2385 ns/op
WorkloadPilot   19: 4194304 op, 84033593.00 ns, 20.0352 ns/op
WorkloadPilot   20: 8388608 op, 113929252.00 ns, 13.5814 ns/op
WorkloadPilot   21: 16777216 op, 227743970.00 ns, 13.5746 ns/op
WorkloadPilot   22: 33554432 op, 455565607.00 ns, 13.5769 ns/op
WorkloadPilot   23: 67108864 op, 911087252.00 ns, 13.5763 ns/op

OverheadWarmup   1: 67108864 op, 114073907.00 ns, 1.6998 ns/op
OverheadWarmup   2: 67108864 op, 109318248.00 ns, 1.6290 ns/op
OverheadWarmup   3: 67108864 op, 94082581.00 ns, 1.4019 ns/op
OverheadWarmup   4: 67108864 op, 94087013.00 ns, 1.4020 ns/op
OverheadWarmup   5: 67108864 op, 94105317.00 ns, 1.4023 ns/op
OverheadWarmup   6: 67108864 op, 94034163.00 ns, 1.4012 ns/op
OverheadWarmup   7: 67108864 op, 94050164.00 ns, 1.4015 ns/op
OverheadWarmup   8: 67108864 op, 94048916.00 ns, 1.4014 ns/op

OverheadActual   1: 67108864 op, 94057444.00 ns, 1.4016 ns/op
OverheadActual   2: 67108864 op, 94046499.00 ns, 1.4014 ns/op
OverheadActual   3: 67108864 op, 94141941.00 ns, 1.4028 ns/op
OverheadActual   4: 67108864 op, 94132517.00 ns, 1.4027 ns/op
OverheadActual   5: 67108864 op, 94154805.00 ns, 1.4030 ns/op
OverheadActual   6: 67108864 op, 94111157.00 ns, 1.4024 ns/op
OverheadActual   7: 67108864 op, 94068483.00 ns, 1.4017 ns/op
OverheadActual   8: 67108864 op, 94079203.00 ns, 1.4019 ns/op
OverheadActual   9: 67108864 op, 94106148.00 ns, 1.4023 ns/op
OverheadActual  10: 67108864 op, 94057698.00 ns, 1.4016 ns/op
OverheadActual  11: 67108864 op, 94134340.00 ns, 1.4027 ns/op
OverheadActual  12: 67108864 op, 94105251.00 ns, 1.4023 ns/op
OverheadActual  13: 67108864 op, 94114659.00 ns, 1.4024 ns/op
OverheadActual  14: 67108864 op, 94062322.00 ns, 1.4016 ns/op
OverheadActual  15: 67108864 op, 94138276.00 ns, 1.4028 ns/op

WorkloadWarmup   1: 67108864 op, 911809749.00 ns, 13.5870 ns/op
WorkloadWarmup   2: 67108864 op, 910958540.00 ns, 13.5743 ns/op
WorkloadWarmup   3: 67108864 op, 911203604.00 ns, 13.5780 ns/op

// BeforeActualRun
WorkloadActual   1: 67108864 op, 911920180.00 ns, 13.5887 ns/op
WorkloadActual   2: 67108864 op, 912204268.00 ns, 13.5929 ns/op
WorkloadActual   3: 67108864 op, 911786905.00 ns, 13.5867 ns/op

// AfterActualRun
WorkloadResult   1: 67108864 op, 817814032.00 ns, 12.1864 ns/op
WorkloadResult   2: 67108864 op, 818098120.00 ns, 12.1906 ns/op
WorkloadResult   3: 67108864 op, 817680757.00 ns, 12.1844 ns/op
// GC:  0 0 0 0 67108864
// Threading:  0 0 67108864

// AfterAll
// Benchmark Process 249888 has exited with code 0.

Mean = 12.187 ns, StdErr = 0.002 ns (0.02%), N = 3, StdDev = 0.003 ns
Min = 12.184 ns, Q1 = 12.185 ns, Median = 12.186 ns, Q3 = 12.188 ns, Max = 12.191 ns
IQR = 0.003 ns, LowerFence = 12.181 ns, UpperFence = 12.193 ns
ConfidenceInterval = [12.129 ns; 12.245 ns] (CI 99.9%), Margin = 0.058 ns (0.48% of Mean)
Skewness = 0.22, Kurtosis = 0.67, MValue = 2

// ** Remained 3 (30.0%) benchmark(s) to run. Estimated finish 2026-06-15 20:34 (0h 0m from now) **
// **************************
// Benchmark: ArithmeticBench.Dec_Mul: ShortRun(IterationCount=3, LaunchCount=1, WarmupCount=3)
// *** Execute ***
// Launch: 1 / 1
// Execute: dotnet Precept.Bench-ShortRun-1.dll --anonymousPipes 108 109 --benchmarkName Precept.Bench.ArithmeticBench.Dec_Mul --job ShortRun --benchmarkId 7 in /home/sfalik/source/repos/Precept/tools/Precept.Bench/bin/Release/net10.0/Precept.Bench-ShortRun-1/bin/Release/net10.0
// Failed to set up high priority (Permission denied). In order to run benchmarks with high priority, make sure you have the right permissions.
// BeforeAnythingElse

// Benchmark Process Environment Information:
// BenchmarkDotNet v0.15.2
// Runtime=.NET 10.0.8 (10.0.826.23019), Arm64 RyuJIT AdvSIMD
// GC=Concurrent Workstation
// HardwareIntrinsics=AdvSIMD,AES,CRC32,DP,RDM,SHA1,SHA256 VectorSize=128
// Job: ShortRun(IterationCount=3, LaunchCount=1, WarmupCount=3)

OverheadJitting  1: 1 op, 94545.00 ns, 94.5450 us/op
WorkloadJitting  1: 1 op, 171923.00 ns, 171.9230 us/op

OverheadJitting  2: 16 op, 127538.00 ns, 7.9711 us/op
WorkloadJitting  2: 16 op, 120722.00 ns, 7.5451 us/op

WorkloadPilot    1: 16 op, 512.00 ns, 32.0000 ns/op
WorkloadPilot    2: 32 op, 288.00 ns, 9.0000 ns/op
WorkloadPilot    3: 64 op, 400.00 ns, 6.2500 ns/op
WorkloadPilot    4: 128 op, 752.00 ns, 5.8750 ns/op
WorkloadPilot    5: 256 op, 1488.00 ns, 5.8125 ns/op
WorkloadPilot    6: 512 op, 2880.00 ns, 5.6250 ns/op
WorkloadPilot    7: 1024 op, 5744.00 ns, 5.6094 ns/op
WorkloadPilot    8: 2048 op, 11424.00 ns, 5.5781 ns/op
WorkloadPilot    9: 4096 op, 22912.00 ns, 5.5938 ns/op
WorkloadPilot   10: 8192 op, 45777.00 ns, 5.5880 ns/op
WorkloadPilot   11: 16384 op, 91441.00 ns, 5.5811 ns/op
WorkloadPilot   12: 32768 op, 183187.00 ns, 5.5904 ns/op
WorkloadPilot   13: 65536 op, 366646.00 ns, 5.5946 ns/op
WorkloadPilot   14: 131072 op, 735083.00 ns, 5.6082 ns/op
WorkloadPilot   15: 262144 op, 1472055.00 ns, 5.6154 ns/op
WorkloadPilot   16: 524288 op, 2944766.00 ns, 5.6167 ns/op
WorkloadPilot   17: 1048576 op, 5880509.00 ns, 5.6081 ns/op
WorkloadPilot   18: 2097152 op, 11766378.00 ns, 5.6106 ns/op
WorkloadPilot   19: 4194304 op, 23471346.00 ns, 5.5960 ns/op
WorkloadPilot   20: 8388608 op, 46941971.00 ns, 5.5959 ns/op
WorkloadPilot   21: 16777216 op, 73535110.00 ns, 4.3830 ns/op
WorkloadPilot   22: 33554432 op, 120821071.00 ns, 3.6007 ns/op
WorkloadPilot   23: 67108864 op, 241626476.00 ns, 3.6005 ns/op
WorkloadPilot   24: 134217728 op, 483197347.00 ns, 3.6001 ns/op
WorkloadPilot   25: 268435456 op, 967068056.00 ns, 3.6026 ns/op

OverheadWarmup   1: 268435456 op, 411957898.00 ns, 1.5347 ns/op
OverheadWarmup   2: 268435456 op, 376466970.00 ns, 1.4024 ns/op
OverheadWarmup   3: 268435456 op, 376348390.00 ns, 1.4020 ns/op
OverheadWarmup   4: 268435456 op, 376368022.00 ns, 1.4021 ns/op
OverheadWarmup   5: 268435456 op, 376411187.00 ns, 1.4022 ns/op
OverheadWarmup   6: 268435456 op, 376298319.00 ns, 1.4018 ns/op
OverheadWarmup   7: 268435456 op, 376358048.00 ns, 1.4020 ns/op
OverheadWarmup   8: 268435456 op, 376345051.00 ns, 1.4020 ns/op

OverheadActual   1: 268435456 op, 376359051.00 ns, 1.4020 ns/op
OverheadActual   2: 268435456 op, 376457883.00 ns, 1.4024 ns/op
OverheadActual   3: 268435456 op, 376402215.00 ns, 1.4022 ns/op
OverheadActual   4: 268435456 op, 376506632.00 ns, 1.4026 ns/op
OverheadActual   5: 268435456 op, 376351138.00 ns, 1.4020 ns/op
OverheadActual   6: 268435456 op, 376419377.00 ns, 1.4023 ns/op
OverheadActual   7: 268435456 op, 376448673.00 ns, 1.4024 ns/op
OverheadActual   8: 268435456 op, 376428380.00 ns, 1.4023 ns/op
OverheadActual   9: 268435456 op, 376392988.00 ns, 1.4022 ns/op
OverheadActual  10: 268435456 op, 376266087.00 ns, 1.4017 ns/op
OverheadActual  11: 268435456 op, 376190099.00 ns, 1.4014 ns/op
OverheadActual  12: 268435456 op, 376384326.00 ns, 1.4021 ns/op
OverheadActual  13: 268435456 op, 376288512.00 ns, 1.4018 ns/op
OverheadActual  14: 268435456 op, 376401345.00 ns, 1.4022 ns/op
OverheadActual  15: 268435456 op, 376375216.00 ns, 1.4021 ns/op

WorkloadWarmup   1: 268435456 op, 967058579.00 ns, 3.6026 ns/op
WorkloadWarmup   2: 268435456 op, 967023621.00 ns, 3.6024 ns/op
WorkloadWarmup   3: 268435456 op, 967229579.00 ns, 3.6032 ns/op

// BeforeActualRun
WorkloadActual   1: 268435456 op, 966368224.00 ns, 3.6000 ns/op
WorkloadActual   2: 268435456 op, 966177169.00 ns, 3.5993 ns/op
WorkloadActual   3: 268435456 op, 966760957.00 ns, 3.6015 ns/op

// AfterActualRun
WorkloadResult   1: 268435456 op, 589975236.00 ns, 2.1978 ns/op
WorkloadResult   2: 268435456 op, 589784181.00 ns, 2.1971 ns/op
WorkloadResult   3: 268435456 op, 590367969.00 ns, 2.1993 ns/op
// GC:  0 0 0 0 268435456
// Threading:  0 0 268435456

// AfterAll
// Benchmark Process 249982 has exited with code 0.

Mean = 2.198 ns, StdErr = 0.001 ns (0.03%), N = 3, StdDev = 0.001 ns
Min = 2.197 ns, Q1 = 2.197 ns, Median = 2.198 ns, Q3 = 2.199 ns, Max = 2.199 ns
IQR = 0.001 ns, LowerFence = 2.196 ns, UpperFence = 2.200 ns
ConfidenceInterval = [2.178 ns; 2.218 ns] (CI 99.9%), Margin = 0.020 ns (0.92% of Mean)
Skewness = 0.21, Kurtosis = 0.67, MValue = 2

// ** Remained 2 (20.0%) benchmark(s) to run. Estimated finish 2026-06-15 20:35 (0h 0m from now) **
// **************************
// Benchmark: ArithmeticBench.Ucum_Mul: ShortRun(IterationCount=3, LaunchCount=1, WarmupCount=3)
// *** Execute ***
// Launch: 1 / 1
// Execute: dotnet Precept.Bench-ShortRun-1.dll --anonymousPipes 108 109 --benchmarkName Precept.Bench.ArithmeticBench.Ucum_Mul --job ShortRun --benchmarkId 8 in /home/sfalik/source/repos/Precept/tools/Precept.Bench/bin/Release/net10.0/Precept.Bench-ShortRun-1/bin/Release/net10.0
// Failed to set up high priority (Permission denied). In order to run benchmarks with high priority, make sure you have the right permissions.
// BeforeAnythingElse

// Benchmark Process Environment Information:
// BenchmarkDotNet v0.15.2
// Runtime=.NET 10.0.8 (10.0.826.23019), Arm64 RyuJIT AdvSIMD
// GC=Concurrent Workstation
// HardwareIntrinsics=AdvSIMD,AES,CRC32,DP,RDM,SHA1,SHA256 VectorSize=128
// Job: ShortRun(IterationCount=3, LaunchCount=1, WarmupCount=3)

OverheadJitting  1: 1 op, 97202.00 ns, 97.2020 us/op
WorkloadJitting  1: 1 op, 172291.00 ns, 172.2910 us/op

OverheadJitting  2: 16 op, 112001.00 ns, 7.0001 us/op
WorkloadJitting  2: 16 op, 112097.00 ns, 7.0061 us/op

WorkloadPilot    1: 16 op, 2752.00 ns, 172.0000 ns/op
WorkloadPilot    2: 32 op, 3728.00 ns, 116.5000 ns/op
WorkloadPilot    3: 64 op, 6608.00 ns, 103.2500 ns/op
WorkloadPilot    4: 128 op, 13009.00 ns, 101.6328 ns/op
WorkloadPilot    5: 256 op, 25456.00 ns, 99.4375 ns/op
WorkloadPilot    6: 512 op, 50353.00 ns, 98.3457 ns/op
WorkloadPilot    7: 1024 op, 100626.00 ns, 98.2676 ns/op
WorkloadPilot    8: 2048 op, 201012.00 ns, 98.1504 ns/op
WorkloadPilot    9: 4096 op, 402678.00 ns, 98.3101 ns/op
WorkloadPilot   10: 8192 op, 813725.00 ns, 99.3317 ns/op
WorkloadPilot   11: 16384 op, 1583832.00 ns, 96.6694 ns/op
WorkloadPilot   12: 32768 op, 3123248.00 ns, 95.3140 ns/op
WorkloadPilot   13: 65536 op, 6188672.00 ns, 94.4316 ns/op
WorkloadPilot   14: 131072 op, 12266206.00 ns, 93.5837 ns/op
WorkloadPilot   15: 262144 op, 24490043.00 ns, 93.4221 ns/op
WorkloadPilot   16: 524288 op, 48975558.00 ns, 93.4135 ns/op
WorkloadPilot   17: 1048576 op, 73038363.00 ns, 69.6548 ns/op
WorkloadPilot   18: 2097152 op, 95695482.00 ns, 45.6312 ns/op
WorkloadPilot   19: 4194304 op, 191424949.00 ns, 45.6393 ns/op
WorkloadPilot   20: 8388608 op, 382534437.00 ns, 45.6017 ns/op
WorkloadPilot   21: 16777216 op, 766045840.00 ns, 45.6599 ns/op

OverheadWarmup   1: 16777216 op, 28560458.00 ns, 1.7023 ns/op
OverheadWarmup   2: 16777216 op, 28549018.00 ns, 1.7017 ns/op
OverheadWarmup   3: 16777216 op, 28552362.00 ns, 1.7019 ns/op
OverheadWarmup   4: 16777216 op, 28564906.00 ns, 1.7026 ns/op
OverheadWarmup   5: 16777216 op, 28562026.00 ns, 1.7024 ns/op
OverheadWarmup   6: 16777216 op, 28510681.00 ns, 1.6994 ns/op
OverheadWarmup   7: 16777216 op, 28549002.00 ns, 1.7017 ns/op
OverheadWarmup   8: 16777216 op, 28533865.00 ns, 1.7008 ns/op

OverheadActual   1: 16777216 op, 28516009.00 ns, 1.6997 ns/op
OverheadActual   2: 16777216 op, 28508728.00 ns, 1.6993 ns/op
OverheadActual   3: 16777216 op, 28548281.00 ns, 1.7016 ns/op
OverheadActual   4: 16777216 op, 28541337.00 ns, 1.7012 ns/op
OverheadActual   5: 16777216 op, 28527689.00 ns, 1.7004 ns/op
OverheadActual   6: 16777216 op, 28535610.00 ns, 1.7009 ns/op
OverheadActual   7: 16777216 op, 28545834.00 ns, 1.7015 ns/op
OverheadActual   8: 16777216 op, 28539593.00 ns, 1.7011 ns/op
OverheadActual   9: 16777216 op, 27749197.00 ns, 1.6540 ns/op
OverheadActual  10: 16777216 op, 24495946.00 ns, 1.4601 ns/op
OverheadActual  11: 16777216 op, 24497275.00 ns, 1.4602 ns/op
OverheadActual  12: 16777216 op, 24486906.00 ns, 1.4595 ns/op
OverheadActual  13: 16777216 op, 23951043.00 ns, 1.4276 ns/op
OverheadActual  14: 16777216 op, 24499675.00 ns, 1.4603 ns/op
OverheadActual  15: 16777216 op, 24322856.00 ns, 1.4498 ns/op
OverheadActual  16: 16777216 op, 24497019.00 ns, 1.4601 ns/op
OverheadActual  17: 16777216 op, 24509195.00 ns, 1.4609 ns/op
OverheadActual  18: 16777216 op, 24495995.00 ns, 1.4601 ns/op
OverheadActual  19: 16777216 op, 24510635.00 ns, 1.4609 ns/op
OverheadActual  20: 16777216 op, 24544060.00 ns, 1.4629 ns/op

WorkloadWarmup   1: 16777216 op, 766427702.00 ns, 45.6827 ns/op
WorkloadWarmup   2: 16777216 op, 766270829.00 ns, 45.6733 ns/op
WorkloadWarmup   3: 16777216 op, 765510745.00 ns, 45.6280 ns/op

// BeforeActualRun
WorkloadActual   1: 16777216 op, 765542272.00 ns, 45.6299 ns/op
WorkloadActual   2: 16777216 op, 764940527.00 ns, 45.5940 ns/op
WorkloadActual   3: 16777216 op, 765416047.00 ns, 45.6224 ns/op

// AfterActualRun
WorkloadResult   1: 16777216 op, 741014924.50 ns, 44.1679 ns/op
WorkloadResult   2: 16777216 op, 740413179.50 ns, 44.1321 ns/op
WorkloadResult   3: 16777216 op, 740888699.50 ns, 44.1604 ns/op
// GC:  0 0 0 0 16777216
// Threading:  0 0 16777216

// AfterAll
// Benchmark Process 250121 has exited with code 0.

Mean = 44.153 ns, StdErr = 0.011 ns (0.02%), N = 3, StdDev = 0.019 ns
Min = 44.132 ns, Q1 = 44.146 ns, Median = 44.160 ns, Q3 = 44.164 ns, Max = 44.168 ns
IQR = 0.018 ns, LowerFence = 44.119 ns, UpperFence = 44.191 ns
ConfidenceInterval = [43.808 ns; 44.499 ns] (CI 99.9%), Margin = 0.345 ns (0.78% of Mean)
Skewness = -0.32, Kurtosis = 0.67, MValue = 2

// ** Remained 1 (10.0%) benchmark(s) to run. Estimated finish 2026-06-15 20:35 (0h 0m from now) **
// **************************
// Benchmark: ArithmeticBench.Rat_Mul: ShortRun(IterationCount=3, LaunchCount=1, WarmupCount=3)
// *** Execute ***
// Launch: 1 / 1
// Execute: dotnet Precept.Bench-ShortRun-1.dll --anonymousPipes 108 109 --benchmarkName Precept.Bench.ArithmeticBench.Rat_Mul --job ShortRun --benchmarkId 9 in /home/sfalik/source/repos/Precept/tools/Precept.Bench/bin/Release/net10.0/Precept.Bench-ShortRun-1/bin/Release/net10.0
// Failed to set up high priority (Permission denied). In order to run benchmarks with high priority, make sure you have the right permissions.
// BeforeAnythingElse

// Benchmark Process Environment Information:
// BenchmarkDotNet v0.15.2
// Runtime=.NET 10.0.8 (10.0.826.23019), Arm64 RyuJIT AdvSIMD
// GC=Concurrent Workstation
// HardwareIntrinsics=AdvSIMD,AES,CRC32,DP,RDM,SHA1,SHA256 VectorSize=128
// Job: ShortRun(IterationCount=3, LaunchCount=1, WarmupCount=3)

OverheadJitting  1: 1 op, 87954.00 ns, 87.9540 us/op
WorkloadJitting  1: 1 op, 159811.00 ns, 159.8110 us/op

OverheadJitting  2: 16 op, 109825.00 ns, 6.8641 us/op
WorkloadJitting  2: 16 op, 108577.00 ns, 6.7861 us/op

WorkloadPilot    1: 16 op, 2160.00 ns, 135.0000 ns/op
WorkloadPilot    2: 32 op, 1696.00 ns, 53.0000 ns/op
WorkloadPilot    3: 64 op, 2864.00 ns, 44.7500 ns/op
WorkloadPilot    4: 128 op, 5536.00 ns, 43.2500 ns/op
WorkloadPilot    5: 256 op, 10817.00 ns, 42.2539 ns/op
WorkloadPilot    6: 512 op, 21392.00 ns, 41.7813 ns/op
WorkloadPilot    7: 1024 op, 42529.00 ns, 41.5322 ns/op
WorkloadPilot    8: 2048 op, 84850.00 ns, 41.4307 ns/op
WorkloadPilot    9: 4096 op, 169427.00 ns, 41.3640 ns/op
WorkloadPilot   10: 8192 op, 340837.00 ns, 41.6061 ns/op
WorkloadPilot   11: 16384 op, 676443.00 ns, 41.2868 ns/op
WorkloadPilot   12: 32768 op, 1357045.00 ns, 41.4137 ns/op
WorkloadPilot   13: 65536 op, 2708106.00 ns, 41.3224 ns/op
WorkloadPilot   14: 131072 op, 5526469.00 ns, 42.1636 ns/op
WorkloadPilot   15: 262144 op, 11150876.00 ns, 42.5372 ns/op
WorkloadPilot   16: 524288 op, 22281543.00 ns, 42.4987 ns/op
WorkloadPilot   17: 1048576 op, 44402331.00 ns, 42.3454 ns/op
WorkloadPilot   18: 2097152 op, 59175406.00 ns, 28.2170 ns/op
WorkloadPilot   19: 4194304 op, 80425765.00 ns, 19.1750 ns/op
WorkloadPilot   20: 8388608 op, 102935295.00 ns, 12.2708 ns/op
WorkloadPilot   21: 16777216 op, 205806861.00 ns, 12.2670 ns/op
WorkloadPilot   22: 33554432 op, 411729484.00 ns, 12.2705 ns/op
WorkloadPilot   23: 67108864 op, 823564976.00 ns, 12.2721 ns/op

OverheadWarmup   1: 67108864 op, 114114218.00 ns, 1.7004 ns/op
OverheadWarmup   2: 67108864 op, 108883000.00 ns, 1.6225 ns/op
OverheadWarmup   3: 67108864 op, 94117221.00 ns, 1.4025 ns/op
OverheadWarmup   4: 67108864 op, 94136165.00 ns, 1.4027 ns/op
OverheadWarmup   5: 67108864 op, 94194166.00 ns, 1.4036 ns/op
OverheadWarmup   6: 67108864 op, 94149781.00 ns, 1.4029 ns/op
OverheadWarmup   7: 67108864 op, 94099589.00 ns, 1.4022 ns/op
OverheadWarmup   8: 67108864 op, 94132981.00 ns, 1.4027 ns/op
OverheadWarmup   9: 67108864 op, 94108485.00 ns, 1.4023 ns/op

OverheadActual   1: 67108864 op, 94145670.00 ns, 1.4029 ns/op
OverheadActual   2: 67108864 op, 94084773.00 ns, 1.4020 ns/op
OverheadActual   3: 67108864 op, 94055747.00 ns, 1.4015 ns/op
OverheadActual   4: 67108864 op, 94117764.00 ns, 1.4025 ns/op
OverheadActual   5: 67108864 op, 94101603.00 ns, 1.4022 ns/op
OverheadActual   6: 67108864 op, 94110499.00 ns, 1.4024 ns/op
OverheadActual   7: 67108864 op, 94151924.00 ns, 1.4030 ns/op
OverheadActual   8: 67108864 op, 94155749.00 ns, 1.4030 ns/op
OverheadActual   9: 67108864 op, 94100500.00 ns, 1.4022 ns/op
OverheadActual  10: 67108864 op, 94079828.00 ns, 1.4019 ns/op
OverheadActual  11: 67108864 op, 94146820.00 ns, 1.4029 ns/op
OverheadActual  12: 67108864 op, 94133044.00 ns, 1.4027 ns/op
OverheadActual  13: 67108864 op, 94105667.00 ns, 1.4023 ns/op
OverheadActual  14: 67108864 op, 94084834.00 ns, 1.4020 ns/op
OverheadActual  15: 67108864 op, 94130242.00 ns, 1.4026 ns/op

WorkloadWarmup   1: 67108864 op, 824713264.00 ns, 12.2892 ns/op
WorkloadWarmup   2: 67108864 op, 824382160.00 ns, 12.2843 ns/op
WorkloadWarmup   3: 67108864 op, 824133923.00 ns, 12.2806 ns/op

// BeforeActualRun
WorkloadActual   1: 67108864 op, 823753493.00 ns, 12.2749 ns/op
WorkloadActual   2: 67108864 op, 823798364.00 ns, 12.2756 ns/op
WorkloadActual   3: 67108864 op, 823683442.00 ns, 12.2738 ns/op

// AfterActualRun
WorkloadResult   1: 67108864 op, 729642994.00 ns, 10.8725 ns/op
WorkloadResult   2: 67108864 op, 729687865.00 ns, 10.8732 ns/op
WorkloadResult   3: 67108864 op, 729572943.00 ns, 10.8715 ns/op
// GC:  0 0 0 0 67108864
// Threading:  0 0 67108864

// AfterAll
// Benchmark Process 250195 has exited with code 0.

Mean = 10.872 ns, StdErr = 0.000 ns (0.00%), N = 3, StdDev = 0.001 ns
Min = 10.871 ns, Q1 = 10.872 ns, Median = 10.873 ns, Q3 = 10.873 ns, Max = 10.873 ns
IQR = 0.001 ns, LowerFence = 10.871 ns, UpperFence = 10.874 ns
ConfidenceInterval = [10.857 ns; 10.888 ns] (CI 99.9%), Margin = 0.016 ns (0.14% of Mean)
Skewness = -0.14, Kurtosis = 0.67, MValue = 2

// ** Remained 0 (0.0%) benchmark(s) to run. Estimated finish 2026-06-15 20:35 (0h 0m from now) **
// ***** BenchmarkRunner: Finish  *****

// * Export *
  BenchmarkDotNet.Artifacts/results/Precept.Bench.ArithmeticBench-report.csv
  BenchmarkDotNet.Artifacts/results/Precept.Bench.ArithmeticBench-report-github.md
  BenchmarkDotNet.Artifacts/results/Precept.Bench.ArithmeticBench-report.html

// * Detailed results *
ArithmeticBench.Dec_Add: ShortRun(IterationCount=3, LaunchCount=1, WarmupCount=3)
Runtime = .NET 10.0.8 (10.0.826.23019), Arm64 RyuJIT AdvSIMD; GC = Concurrent Workstation
Mean = 2.825 ns, StdErr = 0.002 ns (0.08%), N = 3, StdDev = 0.004 ns
Min = 2.820 ns, Q1 = 2.823 ns, Median = 2.826 ns, Q3 = 2.827 ns, Max = 2.828 ns
IQR = 0.004 ns, LowerFence = 2.818 ns, UpperFence = 2.832 ns
ConfidenceInterval = [2.755 ns; 2.894 ns] (CI 99.9%), Margin = 0.070 ns (2.47% of Mean)
Skewness = -0.35, Kurtosis = 0.67, MValue = 2
-------------------- Histogram --------------------
[2.817 ns ; 2.831 ns) | @@@
---------------------------------------------------

ArithmeticBench.Rat_Add: ShortRun(IterationCount=3, LaunchCount=1, WarmupCount=3)
Runtime = .NET 10.0.8 (10.0.826.23019), Arm64 RyuJIT AdvSIMD; GC = Concurrent Workstation
Mean = 13.893 ns, StdErr = 0.008 ns (0.05%), N = 3, StdDev = 0.013 ns
Min = 13.878 ns, Q1 = 13.888 ns, Median = 13.898 ns, Q3 = 13.900 ns, Max = 13.903 ns
IQR = 0.012 ns, LowerFence = 13.869 ns, UpperFence = 13.919 ns
ConfidenceInterval = [13.653 ns; 14.133 ns] (CI 99.9%), Margin = 0.240 ns (1.73% of Mean)
Skewness = -0.33, Kurtosis = 0.67, MValue = 2
-------------------- Histogram --------------------
[13.866 ns ; 13.915 ns) | @@@
---------------------------------------------------

ArithmeticBench.Dec_Chain: ShortRun(IterationCount=3, LaunchCount=1, WarmupCount=3)
Runtime = .NET 10.0.8 (10.0.826.23019), Arm64 RyuJIT AdvSIMD; GC = Concurrent Workstation
Mean = 39.270 ns, StdErr = 0.002 ns (0.01%), N = 3, StdDev = 0.004 ns
Min = 39.268 ns, Q1 = 39.268 ns, Median = 39.269 ns, Q3 = 39.272 ns, Max = 39.274 ns
IQR = 0.003 ns, LowerFence = 39.263 ns, UpperFence = 39.277 ns
ConfidenceInterval = [39.206 ns; 39.334 ns] (CI 99.9%), Margin = 0.064 ns (0.16% of Mean)
Skewness = 0.34, Kurtosis = 0.67, MValue = 2
-------------------- Histogram --------------------
[39.265 ns ; 39.278 ns) | @@@
---------------------------------------------------

ArithmeticBench.Rat_Chain: ShortRun(IterationCount=3, LaunchCount=1, WarmupCount=3)
Runtime = .NET 10.0.8 (10.0.826.23019), Arm64 RyuJIT AdvSIMD; GC = Concurrent Workstation
Mean = 223.830 ns, StdErr = 0.282 ns (0.13%), N = 3, StdDev = 0.489 ns
Min = 223.484 ns, Q1 = 223.550 ns, Median = 223.616 ns, Q3 = 224.003 ns, Max = 224.389 ns
IQR = 0.453 ns, LowerFence = 222.871 ns, UpperFence = 224.681 ns
ConfidenceInterval = [214.908 ns; 232.752 ns] (CI 99.9%), Margin = 8.922 ns (3.99% of Mean)
Skewness = 0.35, Kurtosis = 0.67, MValue = 2
-------------------- Histogram --------------------
[223.039 ns ; 224.835 ns) | @@@
---------------------------------------------------

ArithmeticBench.Rat_Div: ShortRun(IterationCount=3, LaunchCount=1, WarmupCount=3)
Runtime = .NET 10.0.8 (10.0.826.23019), Arm64 RyuJIT AdvSIMD; GC = Concurrent Workstation
Mean = 12.187 ns, StdErr = 0.002 ns (0.02%), N = 3, StdDev = 0.003 ns
Min = 12.184 ns, Q1 = 12.185 ns, Median = 12.186 ns, Q3 = 12.188 ns, Max = 12.191 ns
IQR = 0.003 ns, LowerFence = 12.181 ns, UpperFence = 12.193 ns
ConfidenceInterval = [12.129 ns; 12.245 ns] (CI 99.9%), Margin = 0.058 ns (0.48% of Mean)
Skewness = 0.22, Kurtosis = 0.67, MValue = 2
-------------------- Histogram --------------------
[12.181 ns ; 12.194 ns) | @@@
---------------------------------------------------

ArithmeticBench.Dec_Div: ShortRun(IterationCount=3, LaunchCount=1, WarmupCount=3)
Runtime = .NET 10.0.8 (10.0.826.23019), Arm64 RyuJIT AdvSIMD; GC = Concurrent Workstation
Mean = 14.877 ns, StdErr = 0.113 ns (0.76%), N = 3, StdDev = 0.196 ns
Min = 14.650 ns, Q1 = 14.819 ns, Median = 14.988 ns, Q3 = 14.990 ns, Max = 14.992 ns
IQR = 0.171 ns, LowerFence = 14.563 ns, UpperFence = 15.246 ns
ConfidenceInterval = [11.297 ns; 18.456 ns] (CI 99.9%), Margin = 3.579 ns (24.06% of Mean)
Skewness = -0.38, Kurtosis = 0.67, MValue = 2
-------------------- Histogram --------------------
[14.643 ns ; 15.000 ns) | @@@
---------------------------------------------------

ArithmeticBench.Ucum_Div: ShortRun(IterationCount=3, LaunchCount=1, WarmupCount=3)
Runtime = .NET 10.0.8 (10.0.826.23019), Arm64 RyuJIT AdvSIMD; GC = Concurrent Workstation
Mean = 45.630 ns, StdErr = 0.016 ns (0.03%), N = 3, StdDev = 0.027 ns
Min = 45.615 ns, Q1 = 45.615 ns, Median = 45.615 ns, Q3 = 45.638 ns, Max = 45.662 ns
IQR = 0.023 ns, LowerFence = 45.580 ns, UpperFence = 45.673 ns
ConfidenceInterval = [45.137 ns; 46.123 ns] (CI 99.9%), Margin = 0.493 ns (1.08% of Mean)
Skewness = 0.38, Kurtosis = 0.67, MValue = 2
-------------------- Histogram --------------------
[45.614 ns ; 45.663 ns) | @@@
---------------------------------------------------

ArithmeticBench.Dec_Mul: ShortRun(IterationCount=3, LaunchCount=1, WarmupCount=3)
Runtime = .NET 10.0.8 (10.0.826.23019), Arm64 RyuJIT AdvSIMD; GC = Concurrent Workstation
Mean = 2.198 ns, StdErr = 0.001 ns (0.03%), N = 3, StdDev = 0.001 ns
Min = 2.197 ns, Q1 = 2.197 ns, Median = 2.198 ns, Q3 = 2.199 ns, Max = 2.199 ns
IQR = 0.001 ns, LowerFence = 2.196 ns, UpperFence = 2.200 ns
ConfidenceInterval = [2.178 ns; 2.218 ns] (CI 99.9%), Margin = 0.020 ns (0.92% of Mean)
Skewness = 0.21, Kurtosis = 0.67, MValue = 2
-------------------- Histogram --------------------
[2.196 ns ; 2.200 ns) | @@@
---------------------------------------------------

ArithmeticBench.Rat_Mul: ShortRun(IterationCount=3, LaunchCount=1, WarmupCount=3)
Runtime = .NET 10.0.8 (10.0.826.23019), Arm64 RyuJIT AdvSIMD; GC = Concurrent Workstation
Mean = 10.872 ns, StdErr = 0.000 ns (0.00%), N = 3, StdDev = 0.001 ns
Min = 10.871 ns, Q1 = 10.872 ns, Median = 10.873 ns, Q3 = 10.873 ns, Max = 10.873 ns
IQR = 0.001 ns, LowerFence = 10.871 ns, UpperFence = 10.874 ns
ConfidenceInterval = [10.857 ns; 10.888 ns] (CI 99.9%), Margin = 0.016 ns (0.14% of Mean)
Skewness = -0.14, Kurtosis = 0.67, MValue = 2
-------------------- Histogram --------------------
[10.871 ns ; 10.874 ns) | @@@
---------------------------------------------------

ArithmeticBench.Ucum_Mul: ShortRun(IterationCount=3, LaunchCount=1, WarmupCount=3)
Runtime = .NET 10.0.8 (10.0.826.23019), Arm64 RyuJIT AdvSIMD; GC = Concurrent Workstation
Mean = 44.153 ns, StdErr = 0.011 ns (0.02%), N = 3, StdDev = 0.019 ns
Min = 44.132 ns, Q1 = 44.146 ns, Median = 44.160 ns, Q3 = 44.164 ns, Max = 44.168 ns
IQR = 0.018 ns, LowerFence = 44.119 ns, UpperFence = 44.191 ns
ConfidenceInterval = [43.808 ns; 44.499 ns] (CI 99.9%), Margin = 0.345 ns (0.78% of Mean)
Skewness = -0.32, Kurtosis = 0.67, MValue = 2
-------------------- Histogram --------------------
[44.115 ns ; 44.185 ns) | @@@
---------------------------------------------------

// * Summary *

BenchmarkDotNet v0.15.2, Linux Ubuntu 24.04.4 LTS (Noble Numbat)
Cortex-X925, Cortex-A725 2.81GHz, 10 physical cores
.NET SDK 10.0.300
  [Host]   : .NET 10.0.8 (10.0.826.23019), Arm64 RyuJIT AdvSIMD
  ShortRun : .NET 10.0.8 (10.0.826.23019), Arm64 RyuJIT AdvSIMD

Job=ShortRun  IterationCount=3  LaunchCount=1  
WarmupCount=3  

| Method    | Categories | Mean       | Error     | StdDev    | Ratio | RatioSD | Gen0   | Allocated | Alloc Ratio |
|---------- |----------- |-----------:|----------:|----------:|------:|--------:|-------:|----------:|------------:|
| Dec_Add   | Add        |   2.825 ns | 0.0697 ns | 0.0038 ns |  1.00 |    0.00 |      - |         - |          NA |
| Rat_Add   | Add        |  13.893 ns | 0.2402 ns | 0.0132 ns |  4.92 |    0.01 |      - |         - |          NA |
|           |            |            |           |           |       |         |        |           |             |
| Dec_Chain | Chain5     |  39.270 ns | 0.0640 ns | 0.0035 ns |  1.00 |    0.00 |      - |         - |          NA |
| Rat_Chain | Chain5     | 223.830 ns | 8.9218 ns | 0.4890 ns |  5.70 |    0.01 | 0.0153 |      64 B |          NA |
|           |            |            |           |           |       |         |        |           |             |
| Rat_Div   | Divide     |  12.187 ns | 0.0580 ns | 0.0032 ns |  0.82 |    0.01 |      - |         - |          NA |
| Dec_Div   | Divide     |  14.877 ns | 3.5794 ns | 0.1962 ns |  1.00 |    0.02 |      - |         - |          NA |
| Ucum_Div  | Divide     |  45.630 ns | 0.4930 ns | 0.0270 ns |  3.07 |    0.04 |      - |         - |          NA |
|           |            |            |           |           |       |         |        |           |             |
| Dec_Mul   | Multiply   |   2.198 ns | 0.0202 ns | 0.0011 ns |  1.00 |    0.00 |      - |         - |          NA |
| Rat_Mul   | Multiply   |  10.872 ns | 0.0157 ns | 0.0009 ns |  4.95 |    0.00 |      - |         - |          NA |
| Ucum_Mul  | Multiply   |  44.153 ns | 0.3451 ns | 0.0189 ns | 20.09 |    0.01 |      - |         - |          NA |

// * Legends *
  Categories  : All categories of the corresponded method, class, and assembly
  Mean        : Arithmetic mean of all measurements
  Error       : Half of 99.9% confidence interval
  StdDev      : Standard deviation of all measurements
  Ratio       : Mean of the ratio distribution ([Current]/[Baseline])
  RatioSD     : Standard deviation of the ratio distribution ([Current]/[Baseline])
  Gen0        : GC Generation 0 collects per 1000 operations
  Allocated   : Allocated memory per single operation (managed only, inclusive, 1KB = 1024B)
  Alloc Ratio : Allocated memory ratio distribution ([Current]/[Baseline])
  1 ns        : 1 Nanosecond (0.000000001 sec)

// * Diagnostic Output - MemoryDiagnoser *


// ***** BenchmarkRunner: End *****
Run time: 00:01:32 (92.46 sec), executed benchmarks: 10

Global total time: 00:01:42 (102.61 sec), executed benchmarks: 10
// * Artifacts cleanup *
Artifacts cleanup is finished
